params 2.647856 M
{'step': 0, 'train': 5.570852756500244, 'val': 5.546799182891846, 'bpb': 8.00233967396502, 'max_load_ratio': 1.4609375, 't': 0.8846395015716553}
{'step': 25, 'train': 3.0277395248413086, 'val': 2.9852826595306396, 'bpb': 4.30685248855667, 'max_load_ratio': 4.0, 't': 14.389551877975464}
{'step': 50, 'train': 2.3947017192840576, 'val': 2.315112829208374, 'bpb': 3.340001797797339, 'max_load_ratio': 4.0, 't': 27.89429259300232}
{'step': 75, 'train': 2.05307674407959, 'val': 2.0780789852142334, 'bpb': 2.9980342465441443, 'max_load_ratio': 3.996062994003296, 't': 41.98356628417969}
{'step': 100, 'train': 1.8885799646377563, 'val': 1.8208085298538208, 'bpb': 2.6268714364284316, 'max_load_ratio': 3.9763779640197754, 't': 56.761313915252686}
{'step': 125, 'train': 1.7142969369888306, 'val': 1.615462303161621, 'bpb': 2.330619453514334, 'max_load_ratio': 4.0, 't': 71.25825667381287}
{'step': 150, 'train': 1.6038074493408203, 'val': 1.68830144405365, 'bpb': 2.4357041208618764, 'max_load_ratio': 3.8661417961120605, 't': 92.9760091304779}
{'step': 175, 'train': 1.6186989545822144, 'val': 1.702752709388733, 'bpb': 2.4565528896953714, 'max_load_ratio': 3.956692934036255, 't': 112.9151439666748}
{'step': 200, 'train': 1.6457303762435913, 'val': 1.4605861902236938, 'bpb': 2.1071804534266274, 'max_load_ratio': 3.952755928039551, 't': 135.06675601005554}
{'step': 225, 'train': 1.6300556659698486, 'val': 1.4489682912826538, 'bpb': 2.0904193682388397, 'max_load_ratio': 3.8267717361450195, 't': 167.66747999191284}
{'step': 250, 'train': 1.6372042894363403, 'val': 1.4580248594284058, 'bpb': 2.103485234190189, 'max_load_ratio': 3.881889820098877, 't': 182.03866696357727}
{'step': 275, 'train': 1.4207448959350586, 'val': 1.439950704574585, 'bpb': 2.0774097406143226, 'max_load_ratio': 3.7086613178253174, 't': 196.77708983421326}
{'step': 300, 'train': 1.5032157897949219, 'val': 1.3157602548599243, 'bpb': 1.8982407946852116, 'max_load_ratio': 3.5944881439208984, 't': 210.57608294487}
{'step': 325, 'train': 1.2442457675933838, 'val': 1.4012994766235352, 'bpb': 2.021647805725074, 'max_load_ratio': 3.224409341812134, 't': 225.06310057640076}
{'step': 350, 'train': 1.3463290929794312, 'val': 1.4075045585632324, 'bpb': 2.0305998466677853, 'max_load_ratio': 2.657480239868164, 't': 239.63514280319214}
{'step': 375, 'train': 1.2455053329467773, 'val': 1.2476749420166016, 'bpb': 1.8000144514887761, 'max_load_ratio': 2.2734375, 't': 253.80036616325378}
{'step': 400, 'train': 1.374909520149231, 'val': 1.4372313022613525, 'bpb': 2.0734864723828403, 'max_load_ratio': 1.73828125, 't': 268.18399715423584}
{'step': 425, 'train': 1.2841274738311768, 'val': 1.2343480587005615, 'bpb': 1.7807878230182193, 'max_load_ratio': 1.36328125, 't': 282.4850447177887}
{'step': 450, 'train': 1.242769479751587, 'val': 1.1798197031021118, 'bpb': 1.702120034808506, 'max_load_ratio': 1.291338562965393, 't': 296.8595337867737}
{'step': 475, 'train': 1.1277623176574707, 'val': 1.1718201637268066, 'bpb': 1.6905791390223572, 'max_load_ratio': 1.23046875, 't': 311.34947776794434}
{'step': 500, 'train': 1.2866270542144775, 'val': 1.1788524389266968, 'bpb': 1.7007245675794052, 'max_load_ratio': 1.2204724550247192, 't': 326.77449011802673}
{'step': 525, 'train': 1.1765507459640503, 'val': 1.213627815246582, 'bpb': 1.7508948305411511, 'max_load_ratio': 1.1796875, 't': 343.6440486907959}
{'step': 550, 'train': 1.1757712364196777, 'val': 1.0254318714141846, 'bpb': 1.4793854756587332, 'max_load_ratio': 1.2362204790115356, 't': 358.5522859096527}
{'step': 575, 'train': 1.1304205656051636, 'val': 1.0535529851913452, 'bpb': 1.5199556670493173, 'max_load_ratio': 1.1889764070510864, 't': 373.4006133079529}
{'step': 599, 'train': 1.236623764038086, 'val': 1.2534635066986084, 'bpb': 1.8083655850493723, 'max_load_ratio': 1.18359375, 't': 387.19720482826233}
SAMPLE: Once upon a time there was a so reach and with a new nod. She took the ball on it to the play with his friends. Then, they played with her hand with the ball. The little girl was very happy.
They got were very sad.
T
